max fanout

Pin                                   Limit Fanout  Slack
---------------------------------------------------------
rst_n                                    20    149   -129 (VIOLATED)
b0[0]_AND2_X1_A2_ZN_DFF_X1_D/Q           20     42    -22 (VIOLATED)
b1[0]_AND2_X1_A2_ZN_DFF_X1_D/Q           20     42    -22 (VIOLATED)
b0[1]_AND2_X1_A2_ZN_DFF_X1_D/Q           20     39    -19 (VIOLATED)
b1[1]_AND2_X1_A2_ZN_DFF_X1_D/Q           20     39    -19 (VIOLATED)
b2[0]_AND2_X1_A2_ZN_DFF_X1_D/Q           20     39    -19 (VIOLATED)
b3[0]_AND2_X1_A2_ZN_DFF_X1_D/Q           20     39    -19 (VIOLATED)
b2[1]_AND2_X1_A2_ZN_DFF_X1_D/Q           20     37    -17 (VIOLATED)
b3[1]_AND2_X1_A2_ZN_DFF_X1_D/Q           20     37    -17 (VIOLATED)
b0[12]_AND2_X1_A2_ZN_DFF_X1_D/Q          20     34    -14 (VIOLATED)
b1[12]_AND2_X1_A2_ZN_DFF_X1_D/Q          20     34    -14 (VIOLATED)
b2[3]_AND2_X1_A2_ZN_DFF_X1_D/Q           20     34    -14 (VIOLATED)
b3[3]_AND2_X1_A2_ZN_DFF_X1_D/Q           20     34    -14 (VIOLATED)
b0[3]_AND2_X1_A2_ZN_DFF_X1_D/Q           20     33    -13 (VIOLATED)
b0[9]_AND2_X1_A2_ZN_DFF_X1_D/Q           20     33    -13 (VIOLATED)
b1[3]_AND2_X1_A2_ZN_DFF_X1_D/Q           20     33    -13 (VIOLATED)
b1[9]_AND2_X1_A2_ZN_DFF_X1_D/Q           20     33    -13 (VIOLATED)
b2[12]_AND2_X1_A2_ZN_DFF_X1_D/Q          20     33    -13 (VIOLATED)
b3[12]_AND2_X1_A2_ZN_DFF_X1_D/Q          20     33    -13 (VIOLATED)
b0[6]_AND2_X1_A2_ZN_DFF_X1_D/Q           20     32    -12 (VIOLATED)
b1[6]_AND2_X1_A2_ZN_DFF_X1_D/Q           20     32    -12 (VIOLATED)
b2[6]_AND2_X1_A2_ZN_DFF_X1_D/Q           20     32    -12 (VIOLATED)
b2[9]_AND2_X1_A2_ZN_DFF_X1_D/Q           20     32    -12 (VIOLATED)
b3[6]_AND2_X1_A2_ZN_DFF_X1_D/Q           20     32    -12 (VIOLATED)
b3[9]_AND2_X1_A2_ZN_DFF_X1_D/Q           20     32    -12 (VIOLATED)
b0[10]_AND2_X1_A2_ZN_DFF_X1_D/Q          20     31    -11 (VIOLATED)
b0[13]_AND2_X1_A2_ZN_DFF_X1_D/Q          20     31    -11 (VIOLATED)
b0[4]_AND2_X1_A2_ZN_DFF_X1_D/Q           20     31    -11 (VIOLATED)
b1[10]_AND2_X1_A2_ZN_DFF_X1_D/Q          20     31    -11 (VIOLATED)
b1[13]_AND2_X1_A2_ZN_DFF_X1_D/Q          20     31    -11 (VIOLATED)
b1[4]_AND2_X1_A2_ZN_DFF_X1_D/Q           20     31    -11 (VIOLATED)
b2[4]_AND2_X1_A2_ZN_DFF_X1_D/Q           20     31    -11 (VIOLATED)
b3[4]_AND2_X1_A2_ZN_DFF_X1_D/Q           20     31    -11 (VIOLATED)
b0[7]_AND2_X1_A2_ZN_DFF_X1_D/Q           20     30    -10 (VIOLATED)
b1[7]_AND2_X1_A2_ZN_DFF_X1_D/Q           20     30    -10 (VIOLATED)
b2[10]_AND2_X1_A2_ZN_DFF_X1_D/Q          20     30    -10 (VIOLATED)
b2[13]_AND2_X1_A2_ZN_DFF_X1_D/Q          20     30    -10 (VIOLATED)
b2[7]_AND2_X1_A2_ZN_DFF_X1_D/Q           20     30    -10 (VIOLATED)
b3[10]_AND2_X1_A2_ZN_DFF_X1_D/Q          20     30    -10 (VIOLATED)
b3[13]_AND2_X1_A2_ZN_DFF_X1_D/Q          20     30    -10 (VIOLATED)
b3[7]_AND2_X1_A2_ZN_DFF_X1_D/Q           20     30    -10 (VIOLATED)
a0[13]_AND2_X1_A2_ZN_DFF_X1_D/Q          20     28     -8 (VIOLATED)
a0[4]_AND2_X1_A2_ZN_DFF_X1_D/Q           20     28     -8 (VIOLATED)
a0[7]_AND2_X1_A2_ZN_DFF_X1_D/Q           20     28     -8 (VIOLATED)
a1[13]_AND2_X1_A2_ZN_DFF_X1_D/Q          20     28     -8 (VIOLATED)
a1[4]_AND2_X1_A2_ZN_DFF_X1_D/Q           20     28     -8 (VIOLATED)
a1[7]_AND2_X1_A2_ZN_DFF_X1_D/Q           20     28     -8 (VIOLATED)
a2[13]_AND2_X1_A2_ZN_DFF_X1_D/Q          20     28     -8 (VIOLATED)
a2[4]_AND2_X1_A2_ZN_DFF_X1_D/Q           20     28     -8 (VIOLATED)
a2[7]_AND2_X1_A2_ZN_DFF_X1_D/Q           20     28     -8 (VIOLATED)
a3[13]_AND2_X1_A2_ZN_DFF_X1_D/Q          20     28     -8 (VIOLATED)
a3[4]_AND2_X1_A2_ZN_DFF_X1_D/Q           20     28     -8 (VIOLATED)
a3[7]_AND2_X1_A2_ZN_DFF_X1_D/Q           20     28     -8 (VIOLATED)
a0[3]_AND2_X1_A2_ZN_DFF_X1_D/Q           20     27     -7 (VIOLATED)
a0[6]_AND2_X1_A2_ZN_DFF_X1_D/Q           20     27     -7 (VIOLATED)
a1[3]_AND2_X1_A2_ZN_DFF_X1_D/Q           20     27     -7 (VIOLATED)
a1[6]_AND2_X1_A2_ZN_DFF_X1_D/Q           20     27     -7 (VIOLATED)
a2[6]_AND2_X1_A2_ZN_DFF_X1_D/Q           20     27     -7 (VIOLATED)
a3[6]_AND2_X1_A2_ZN_DFF_X1_D/Q           20     27     -7 (VIOLATED)
a0[10]_AND2_X1_A2_ZN_DFF_X1_D/Q          20     26     -6 (VIOLATED)
a0[1]_AND2_X1_A2_ZN_DFF_X1_D/Q           20     26     -6 (VIOLATED)
a0[2]_AND2_X1_A2_ZN_DFF_X1_D/Q           20     26     -6 (VIOLATED)
a0[5]_AND2_X1_A2_ZN_DFF_X1_D/Q           20     26     -6 (VIOLATED)
a1[10]_AND2_X1_A2_ZN_DFF_X1_D/Q          20     26     -6 (VIOLATED)
a1[1]_AND2_X1_A2_ZN_DFF_X1_D/Q           20     26     -6 (VIOLATED)
a1[2]_AND2_X1_A2_ZN_DFF_X1_D/Q           20     26     -6 (VIOLATED)
a1[5]_AND2_X1_A2_ZN_DFF_X1_D/Q           20     26     -6 (VIOLATED)
a2[10]_AND2_X1_A2_ZN_DFF_X1_D/Q          20     26     -6 (VIOLATED)
a2[3]_AND2_X1_A2_ZN_DFF_X1_D/Q           20     26     -6 (VIOLATED)
a2[5]_AND2_X1_A2_ZN_DFF_X1_D/Q           20     26     -6 (VIOLATED)
a3[10]_AND2_X1_A2_ZN_DFF_X1_D/Q          20     26     -6 (VIOLATED)
a3[3]_AND2_X1_A2_ZN_DFF_X1_D/Q           20     26     -6 (VIOLATED)
a3[5]_AND2_X1_A2_ZN_DFF_X1_D/Q           20     26     -6 (VIOLATED)
a0[12]_AND2_X1_A2_ZN_DFF_X1_D/Q          20     25     -5 (VIOLATED)
a0[15]_AND2_X1_A2_ZN_DFF_X1_D/Q          20     25     -5 (VIOLATED)
a0[8]_AND2_X1_A2_ZN_DFF_X1_D/Q           20     25     -5 (VIOLATED)
a0[9]_AND2_X1_A2_ZN_DFF_X1_D/Q           20     25     -5 (VIOLATED)
a1[12]_AND2_X1_A2_ZN_DFF_X1_D/Q          20     25     -5 (VIOLATED)
a1[15]_AND2_X1_A2_ZN_DFF_X1_D/Q          20     25     -5 (VIOLATED)
a1[8]_AND2_X1_A2_ZN_DFF_X1_D/Q           20     25     -5 (VIOLATED)
a1[9]_AND2_X1_A2_ZN_DFF_X1_D/Q           20     25     -5 (VIOLATED)
a2[12]_AND2_X1_A2_ZN_DFF_X1_D/Q          20     25     -5 (VIOLATED)
a2[8]_AND2_X1_A2_ZN_DFF_X1_D/Q           20     25     -5 (VIOLATED)
a2[9]_AND2_X1_A2_ZN_DFF_X1_D/Q           20     25     -5 (VIOLATED)
a3[12]_AND2_X1_A2_ZN_DFF_X1_D/Q          20     25     -5 (VIOLATED)
a3[8]_AND2_X1_A2_ZN_DFF_X1_D/Q           20     25     -5 (VIOLATED)
a3[9]_AND2_X1_A2_ZN_DFF_X1_D/Q           20     25     -5 (VIOLATED)
a0[11]_AND2_X1_A2_ZN_DFF_X1_D/Q          20     24     -4 (VIOLATED)
a1[11]_AND2_X1_A2_ZN_DFF_X1_D/Q          20     24     -4 (VIOLATED)
a2[11]_AND2_X1_A2_ZN_DFF_X1_D/Q          20     24     -4 (VIOLATED)
a2[15]_AND2_X1_A2_ZN_DFF_X1_D/Q          20     24     -4 (VIOLATED)
a2[1]_AND2_X1_A2_ZN_DFF_X1_D/Q           20     24     -4 (VIOLATED)
a2[2]_AND2_X1_A2_ZN_DFF_X1_D/Q           20     24     -4 (VIOLATED)
a3[11]_AND2_X1_A2_ZN_DFF_X1_D/Q          20     24     -4 (VIOLATED)
a3[15]_AND2_X1_A2_ZN_DFF_X1_D/Q          20     24     -4 (VIOLATED)
a3[1]_AND2_X1_A2_ZN_DFF_X1_D/Q           20     24     -4 (VIOLATED)
a3[2]_AND2_X1_A2_ZN_DFF_X1_D/Q           20     24     -4 (VIOLATED)
a0[14]_AND2_X1_A2_ZN_DFF_X1_D/Q          20     23     -3 (VIOLATED)
a1[14]_AND2_X1_A2_ZN_DFF_X1_D/Q          20     23     -3 (VIOLATED)
a2[14]_AND2_X1_A2_ZN_DFF_X1_D/Q          20     23     -3 (VIOLATED)
a3[14]_AND2_X1_A2_ZN_DFF_X1_D/Q          20     23     -3 (VIOLATED)
a0[0]_AND2_X1_A2_ZN_DFF_X1_D/Q           20     22     -2 (VIOLATED)
a1[0]_AND2_X1_A2_ZN_DFF_X1_D/Q           20     22     -2 (VIOLATED)
acc_out[1]_DFF_X1_Q_D_NOR3_X1_ZN_A1_INV_X1_ZN/ZN     20     22     -2 (VIOLATED)
a2[0]_AND2_X1_A2_ZN_DFF_X1_D/Q           20     21        (VIOLATED)
a3[0]_AND2_X1_A2_ZN_DFF_X1_D/Q           20     21        (VIOLATED)
